[wirid-lab.umng.edu.co/es/index.html]
[backblue.gif]
[fade.gif]
[index.html]
[wirid-lab.umng.edu.co/wp-includes/css/dashicons.min6a4d.css]
[wirid-lab.umng.edu.co/wp-includes/css/admin-bar.min6a4d.css]
[wirid-lab.umng.edu.co/wp-includes/css/dist/block-library/style.min6a4d.css]
[wirid-lab.umng.edu.co/wp-includes/css/classic-themes.min68b3.css]
[wirid-lab.umng.edu.co/es/feed/index.html]
[wirid-lab.umng.edu.co/wp-content/plugins/responsive-lightbox/assets/swipebox/swipebox.minb6db.css]
[wirid-lab.umng.edu.co/es/comments/feed/index.html]
[wirid-lab.umng.edu.co/wp-content/plugins/easy-table-of-contents/vendor/icomoon/style.min01f0.css]
[wirid-lab.umng.edu.co/wp-content/plugins/easy-table-of-contents/assets/css/screen.min01f0.css]
[wirid-lab.umng.edu.co/wp-content/themes/customizr/style6a4d.css]
[wirid-lab.umng.edu.co/wp-content/themes/customizr-child/style5152.css]
[wirid-lab.umng.edu.co/wp-content/themes/customizr/assets/front/css/style.min6035.css]
[wirid-lab.umng.edu.co/wp-content/themes/customizr/assets/front/img/slider-loader.gif]
[wirid-lab.umng.edu.co/wp-content/themes/customizr-child/style6035.css]
[wirid-lab.umng.edu.co/wp-content/plugins/enlighter/cache/enlighterjs.min5b97.css]
[wirid-lab.umng.edu.co/wp-includes/js/jquery/jquery.mina7a0.js]
[wirid-lab.umng.edu.co/wp-includes/js/jquery/jquery-migrate.mind617.js]
[wirid-lab.umng.edu.co/wp-content/plugins/responsive-lightbox/assets/swipebox/jquery.swipebox.minb6db.js]
[wirid-lab.umng.edu.co/wp-includes/js/underscore.mind584.js]
[wirid-lab.umng.edu.co/wp-content/plugins/responsive-lightbox/assets/infinitescroll/infinite-scroll.pkgd.min6a4d.js]
[wirid-lab.umng.edu.co/wp-content/plugins/responsive-lightbox/js/frontb6db.js]
[wirid-lab.umng.edu.co/wp-content/themes/customizr/assets/front/js/libs/modernizr.min6035.js]
[wirid-lab.umng.edu.co/wp-content/themes/customizr/assets/front/js/tc-scripts.min6035.js]
[wirid-lab.umng.edu.co/wp-content/plugins/qtranslate-xt-master/flags/gb.png]
[wirid-lab.umng.edu.co/wp-content/plugins/qtranslate-xt-master/flags/es.png]
[wirid-lab.umng.edu.co/wp-content/uploads/2020/04/cropped-logo-wirid-final-icon-1-150x150.png]
[wirid-lab.umng.edu.co/wp-content/uploads/2020/04/cropped-logo-wirid-final-icon-1-300x300.png]
[wirid-lab.umng.edu.co/wp-content/uploads/2020/04/logo_wirid_final_01.png]
[wirid-lab.umng.edu.co/wp-content/uploads/2021/04/IMG_5180-scaled-1-270x250.jpg]
[wirid-lab.umng.edu.co/wp-content/uploads/2021/04/WhatsApp-Image-2021-02-20-at-09.03.51-270x250.jpg]
[wirid-lab.umng.edu.co/es/wp-json/index.html]
[wirid-lab.umng.edu.co/wp-content/uploads/2020/07/carousel-1-scaled-1-270x250.jpg]
[wirid-lab.umng.edu.co/wp-content/uploads/2020/06/architect-570x350.png]
[wirid-lab.umng.edu.co/wp-content/uploads/2020/04/IMG_5180-scaled-e1586526731325-1-570x350.jpg]
[wirid-lab.umng.edu.co/wp-includes/js/hoverintent-js.min77e6.js]
[wirid-lab.umng.edu.co/es/status-lab/index.html]
[wirid-lab.umng.edu.co/wp-includes/js/admin-bar.min6a4d.js]
[wirid-lab.umng.edu.co/wp-includes/js/jquery/ui/core.min3f14.js]
[wirid-lab.umng.edu.co/es/index.html]
[wirid-lab.umng.edu.co/wp-includes/css/dashicons.min6a4d.css]
[wirid-lab.umng.edu.co/wp-content/plugins/enlighter/cache/enlighterjs.min5b97.js]
[wirid-lab.umng.edu.co/wp-includes/css/admin-bar.min6a4d.css]
[wirid-lab.umng.edu.co/es/about/index.html]
[wirid-lab.umng.edu.co/wp-includes/css/dist/block-library/style.min6a4d.css]
[wirid-lab.umng.edu.co/es/category/news/index.html]
[wirid-lab.umng.edu.co/es/category/international_cooperation/index.html]
[wirid-lab.umng.edu.co/wp-includes/css/classic-themes.min68b3.css]
[wirid-lab.umng.edu.co/es/infrastructure/index.html]
[wirid-lab.umng.edu.co/es/category/nodes/index.html]
[wirid-lab.umng.edu.co/es/category/nodes/radio_nodes/index.html]
[wirid-lab.umng.edu.co/es/category/nodes/iot_nodes/index.html]
[wirid-lab.umng.edu.co/es/category/hardware/index.html]
[wirid-lab.umng.edu.co/wp-content/plugins/responsive-lightbox/assets/swipebox/img/loader.gif]
[wirid-lab.umng.edu.co/wp-content/plugins/responsive-lightbox/assets/swipebox/img/icons.png]
[wirid-lab.umng.edu.co/wp-content/plugins/responsive-lightbox/assets/swipebox/swipebox.minb6db.css]
[wirid-lab.umng.edu.co/es/category/hardware/signal-generator/index.html]
[wirid-lab.umng.edu.co/es/category/downloads/index.html]
[wirid-lab.umng.edu.co/es/category/experiments/index.html]
[wirid-lab.umng.edu.co/es/publications/index.html]
[wirid-lab.umng.edu.co/wp-content/plugins/easy-table-of-contents/vendor/icomoon/fonts/ez-toc-icomoon.eot]
[wirid-lab.umng.edu.co/es/sdr/index.html]
[wirid-lab.umng.edu.co/wp-content/plugins/easy-table-of-contents/vendor/icomoon/fonts/ez-toc-icomoond41d.eot]
[wirid-lab.umng.edu.co/wp-content/plugins/easy-table-of-contents/vendor/icomoon/fonts/ez-toc-icomoon.woff2]
[wirid-lab.umng.edu.co/es/iot/index.html]
[wirid-lab.umng.edu.co/wp-content/plugins/easy-table-of-contents/vendor/icomoon/fonts/ez-toc-icomoon.woff]
[wirid-lab.umng.edu.co/wp-content/plugins/easy-table-of-contents/vendor/icomoon/fonts/ez-toc-icomoon.ttf]
[wirid-lab.umng.edu.co/wp-content/plugins/easy-table-of-contents/vendor/icomoon/style.min01f0.css]
[wirid-lab.umng.edu.co/wp-content/plugins/easy-table-of-contents/assets/css/screen.min01f0.css]
[wirid-lab.umng.edu.co/wp-content/plugins/easy-table-of-contents/vendor/icomoon/fonts/ez-toc-icomoon.svg]
[wirid-lab.umng.edu.co/wp-content/themes/customizr/style6a4d.css]
[wirid-lab.umng.edu.co/wp-content/themes/customizr-child/style5152.css]
[wirid-lab.umng.edu.co/wp-content/themes/customizr/assets/front/css/style.min6035.css]
[wirid-lab.umng.edu.co/wp-content/themes/customizr-child/style6035.css]
[wirid-lab.umng.edu.co/wp-content/plugins/enlighter/cache/enlighterjs.min5b97.css]
[wirid-lab.umng.edu.co/es/communication-devices/index.html]
[wirid-lab.umng.edu.co/es/2020/06/16/architecture-2/index.html]
[wirid-lab.umng.edu.co/es/2020/06/16/welcome-to-beta-platform/index.html]
[wirid-lab.umng.edu.co/es/wp-json/wp/v2/pages/3553.json]
[wirid-lab.umng.edu.co/es/wp-json/oembed/1.0/embedb63f.json]
[wirid-lab.umng.edu.co/es/wp-json/oembed/1.0/embed8411]
[wirid-lab.umng.edu.co/es/status-lab/index.html]
[wirid-lab.umng.edu.co/wp-includes/js/comment-reply.min6a4d.js]
[wirid-lab.umng.edu.co/wp-content/plugins/nimble-builder/assets/front/css/sek-base-light.min9f5d.css]
[wirid-lab.umng.edu.co/es/wp-json/wp/v2/pages/549.json]
[wirid-lab.umng.edu.co/es/wp-json/oembed/1.0/embeda3f7.json]
[wirid-lab.umng.edu.co/es/wp-json/oembed/1.0/embed577d]
[wirid-lab.umng.edu.co/es/about/index.html]
[wirid-lab.umng.edu.co/es/category/news/index.html]
[wirid-lab.umng.edu.co/es/wp-json/wp/v2/categories/8.json]
[wirid-lab.umng.edu.co/es/category/news/feed/index.html]
[wirid-lab.umng.edu.co/es/category/wirid-lab-news/index.html]
[wirid-lab.umng.edu.co/es/author/admin/index.html]
[wirid-lab.umng.edu.co/es/2022/05/23/rs-232-communication-analysis/index.html]
[wirid-lab.umng.edu.co/es/wp-json/wp/v2/categories/7.json]
[wirid-lab.umng.edu.co/wp-content/uploads/2021/09/IMG_5789-570x350.jpg]
[wirid-lab.umng.edu.co/wp-content/uploads/2021/03/Jeremy_1-scaled-1-570x350.jpg]
[wirid-lab.umng.edu.co/es/2021/11/10/test-post/index.html]
[wirid-lab.umng.edu.co/wp-content/uploads/2021/03/Ampere_project-570x350.jpg]
[wirid-lab.umng.edu.co/es/2021/09/28/wirid-lab-node-109/index.html]
[wirid-lab.umng.edu.co/wp-content/uploads/2021/03/CPE_students_3-1-570x350.jpg]
[wirid-lab.umng.edu.co/wp-content/uploads/2021/03/Wirid-LAB_citilab_oct_25_2019-1-570x350.png]
[wirid-lab.umng.edu.co/es/category/international_cooperation/index.html]
[wirid-lab.umng.edu.co/es/2021/09/28/wirid-lab-node-108/index.html]
[wirid-lab.umng.edu.co/es/2021/09/28/wirid-lab-node-106/index.html]
[wirid-lab.umng.edu.co/es/wp-json/wp/v2/pages/581.json]
[wirid-lab.umng.edu.co/es/2021/04/12/hello-world/index.html]
[wirid-lab.umng.edu.co/es/2020/04/10/hola-mundo/index.html]
[wirid-lab.umng.edu.co/es/category/international_cooperation/feed/index.html]
[wirid-lab.umng.edu.co/es/wp-json/oembed/1.0/embed975e.json]
[wirid-lab.umng.edu.co/es/2021/08/16/cpe-students-summer-internship-2021/index.html]
[wirid-lab.umng.edu.co/es/author/u1400855/index.html]
[wirid-lab.umng.edu.co/es/2021/03/22/ecoles-de-saint-cyr-coetquidan-2019/index.html]
[wirid-lab.umng.edu.co/es/wp-json/oembed/1.0/embedbbc3]
[wirid-lab.umng.edu.co/es/infrastructure/index.html]
[wirid-lab.umng.edu.co/es/2021/03/22/ampere-project-meeting/index.html]
[wirid-lab.umng.edu.co/es/author/joserugeles/index.html]
[wirid-lab.umng.edu.co/es/2021/03/22/lyon-students-summer-internship-2019-cpe-lyon-2/index.html]
[wirid-lab.umng.edu.co/es/2021/03/22/colombia-france-laboratories-integration/index.html]
[wirid-lab.umng.edu.co/es/wp-json/wp/v2/categories/9.json]
[wirid-lab.umng.edu.co/wp-content/uploads/2021/09/u109-570x350.png]
[wirid-lab.umng.edu.co/es/category/nodes/page/2/index.html]
[wirid-lab.umng.edu.co/wp-content/uploads/2021/09/u108-1-570x350.png]
[wirid-lab.umng.edu.co/es/category/nodes/feed/index.html]
[wirid-lab.umng.edu.co/wp-content/uploads/2021/09/u106-570x350.png]
[wirid-lab.umng.edu.co/wp-content/uploads/2021/09/u88-570x350.png]
[wirid-lab.umng.edu.co/wp-content/uploads/2021/09/u82-570x350.png]
[wirid-lab.umng.edu.co/wp-content/uploads/2021/09/u86-570x350.png]
[wirid-lab.umng.edu.co/wp-content/uploads/2021/09/u79-570x350.png]
[wirid-lab.umng.edu.co/wp-content/uploads/2021/09/u77-570x350.png]
[wirid-lab.umng.edu.co/wp-content/uploads/2021/09/76-min.png]
[wirid-lab.umng.edu.co/wp-content/uploads/2021/09/u75-570x350.png]
[wirid-lab.umng.edu.co/es/category/nodes/index.html]
[wirid-lab.umng.edu.co/es/category/nodes/indoor_nodes/index.html]
[wirid-lab.umng.edu.co/es/author/u1401051/index.html]
[wirid-lab.umng.edu.co/es/2021/09/28/wirid-lab-node-88/index.html]
[wirid-lab.umng.edu.co/es/wp-json/wp/v2/categories/11.json]
[wirid-lab.umng.edu.co/es/2021/09/28/wirid-lab-node-82/index.html]
[wirid-lab.umng.edu.co/wp-content/uploads/2021/09/u72-570x350.png]
[wirid-lab.umng.edu.co/wp-content/uploads/2021/09/u65-570x350.png]
[wirid-lab.umng.edu.co/wp-content/uploads/2021/09/u64-570x350.png]
[wirid-lab.umng.edu.co/es/2021/09/28/wirid-lab-node-86/index.html]
[wirid-lab.umng.edu.co/wp-content/uploads/2021/09/u59-570x350.png]
[wirid-lab.umng.edu.co/es/category/nodes/radio_nodes/index.html]
[wirid-lab.umng.edu.co/es/2021/09/28/wirid-lab-node-79/index.html]
[wirid-lab.umng.edu.co/es/2021/09/28/wirid-lab-node-77/index.html]
[wirid-lab.umng.edu.co/es/wp-json/wp/v2/categories/19.json]
[wirid-lab.umng.edu.co/es/category/uncategorized/index.html]
[wirid-lab.umng.edu.co/wp-content/uploads/2021/09/u50-570x350.png]
[wirid-lab.umng.edu.co/es/2021/09/28/wirid-lab-node-76/index.html]
[wirid-lab.umng.edu.co/wp-content/uploads/2021/09/u61-570x350.png]
[wirid-lab.umng.edu.co/es/2021/09/28/wirid-lab-node-75/index.html]
[wirid-lab.umng.edu.co/wp-content/uploads/2021/09/u4-570x350.png]
[wirid-lab.umng.edu.co/wp-content/uploads/2021/09/u100-570x350.png]
[wirid-lab.umng.edu.co/es/category/nodes/page/3/index.html]
[wirid-lab.umng.edu.co/es/category/nodes/iot_nodes/index.html]
[wirid-lab.umng.edu.co/wp-content/uploads/2021/09/u32-570x350.png]
[wirid-lab.umng.edu.co/es/category/nodes/radio_nodes/page/2/index.html]
[wirid-lab.umng.edu.co/es/category/nodes/radio_nodes/feed/index.html]
[wirid-lab.umng.edu.co/es/2021/09/28/wirid-lab-node-72-2/index.html]
[wirid-lab.umng.edu.co/es/2021/09/27/wirid-lab-node-65/index.html]
[wirid-lab.umng.edu.co/es/wp-json/wp/v2/categories/4.json]
[wirid-lab.umng.edu.co/es/2021/09/27/wirid-lab-node-64/index.html]
[wirid-lab.umng.edu.co/wp-content/uploads/2016/02/keysight-VSG-570x318.jpg]
[wirid-lab.umng.edu.co/es/category/hardware/index.html]
[wirid-lab.umng.edu.co/es/2021/09/27/wirid-lab-node-59/index.html]
[wirid-lab.umng.edu.co/es/category/nodes/iot_nodes/feed/index.html]
[wirid-lab.umng.edu.co/es/2021/09/27/wirid-lab-node-50/index.html]
[wirid-lab.umng.edu.co/es/2021/09/27/wirid-lab-node-61/index.html]
[wirid-lab.umng.edu.co/es/category/hardware/signal-generator/index.html]
[wirid-lab.umng.edu.co/es/2021/09/27/wirid-lab-node-04/index.html]
[wirid-lab.umng.edu.co/es/wp-json/wp/v2/categories/12.json]
[wirid-lab.umng.edu.co/es/2021/09/27/wirid-lab-node-100/index.html]
[wirid-lab.umng.edu.co/es/2021/09/27/wirid-lab-node-32/index.html]
[wirid-lab.umng.edu.co/es/category/hardware/feed/index.html]
[wirid-lab.umng.edu.co/es/2016/02/04/vsg-keysight-n5172b-exg/index.html]
[wirid-lab.umng.edu.co/es/category/downloads/index.html]
[wirid-lab.umng.edu.co/es/wp-json/wp/v2/categories/2.json]
[wirid-lab.umng.edu.co/es/category/hardware/signal-generator/feed/index.html]
[wirid-lab.umng.edu.co/es/category/downloads/feed/index.html]
[wirid-lab.umng.edu.co/es/wp-json/wp/v2/categories/3.json]
[wirid-lab.umng.edu.co/wp-content/uploads/2022/05/oscilloscope-570x212.png]
[wirid-lab.umng.edu.co/wp-content/uploads/2021/06/IMG_20210615_115823166-570x350.jpg]
[wirid-lab.umng.edu.co/es/category/experiments/feed/index.html]
[wirid-lab.umng.edu.co/wp-content/uploads/2021/03/Engineering-Faculty-scaled-2-570x350.jpg]
[wirid-lab.umng.edu.co/wp-content/uploads/2021/03/Captura_oscilloscope-570x350.png]
[wirid-lab.umng.edu.co/es/category/experiments/index.html]
[wirid-lab.umng.edu.co/wp-content/plugins/ninja-tables/assets/css/ninjatables-public31a4.css]
[wirid-lab.umng.edu.co/es/2021/06/29/nrf24l01-communication/index.html]
[wirid-lab.umng.edu.co/es/2021/03/22/dvb-t2-transmission/index.html]
[wirid-lab.umng.edu.co/es/wp-json/wp/v2/pages/3493.json]
[wirid-lab.umng.edu.co/es/2021/03/16/running-the-remote-oscilloscope-node-72/index.html]
[wirid-lab.umng.edu.co/es/wp-json/oembed/1.0/embed6c13.json]
[wirid-lab.umng.edu.co/es/wp-json/oembed/1.0/embedc5d4]
[wirid-lab.umng.edu.co/wp-content/plugins/ninja-tables/public/libs/footable/js/footable.minc6bd.js]
[wirid-lab.umng.edu.co/es/publications/index.html]
[wirid-lab.umng.edu.co/wp-content/plugins/ninja-tables/assets/js/ninja-tables-footable.3.1.031a4.js]
[wirid-lab.umng.edu.co/es/wp-json/wp/v2/pages/3534.json]
[wirid-lab.umng.edu.co/es/wp-json/oembed/1.0/embed6880.json]
[wirid-lab.umng.edu.co/es/wp-json/oembed/1.0/embedf27b]
[wirid-lab.umng.edu.co/es/sdr/index.html]
[wirid-lab.umng.edu.co/es/wp-json/wp/v2/pages/3532.json]
[wirid-lab.umng.edu.co/es/wp-json/oembed/1.0/embedc579.json]
[wirid-lab.umng.edu.co/es/wp-json/oembed/1.0/embed8fd9]
[wirid-lab.umng.edu.co/es/iot/index.html]
[wirid-lab.umng.edu.co/es/wp-json/wp/v2/pages/3570.json]
[wirid-lab.umng.edu.co/es/wp-json/oembed/1.0/embed6d16.json]
[wirid-lab.umng.edu.co/es/wp-json/oembed/1.0/embedc089]
[wirid-lab.umng.edu.co/es/communication-devices/index.html]
[wirid-lab.umng.edu.co/es/wp-json/wp/v2/posts/2883.json]
[wirid-lab.umng.edu.co/es/2020/06/16/architecture-2/feed/index.html]
[wirid-lab.umng.edu.co/es/wp-json/oembed/1.0/embed58e2.json]
[wirid-lab.umng.edu.co/es/wp-json/oembed/1.0/embed6f91]
[wirid-lab.umng.edu.co/wp-content/uploads/2020/06/architect.png]
[wirid-lab.umng.edu.co/wp-content/uploads/2020/04/IMG_5180-scaled-e1586526731325-1-510x500.jpg]
[wirid-lab.umng.edu.co/wp-content/uploads/2020/04/IMG_5180-scaled-e1586526731325-1.jpg]
[wirid-lab.umng.edu.co/es/2020/06/16/architecture-2/index.html]
[wirid-lab.umng.edu.co/es/2020/06/16/index.html]
[wirid-lab.umng.edu.co/es/wp-json/wp/v2/posts/2873.json]
[wirid-lab.umng.edu.co/es/2021/03/15/wirid-lab-node-72/index.html]
[wirid-lab.umng.edu.co/es/2020/06/16/welcome-to-beta-platform/feed/index.html]
[wirid-lab.umng.edu.co/es/wp-json/oembed/1.0/embedafed.json]
[wirid-lab.umng.edu.co/es/wp-json/oembed/1.0/embedc1c8]
[wirid-lab.umng.edu.co/es/2020/06/16/welcome-to-beta-platform/index.html]
[wirid-lab.umng.edu.co/wp-content/uploads/2020/06/architect-510x510.png]
[wirid-lab.umng.edu.co/wp-content/plugins/easy-table-of-contents/vendor/icomoon/fonts/ez-toc-icomoon.svg]
[wirid-lab.umng.edu.co/es/indexa272.html]
[wirid-lab.umng.edu.co/wp-content/plugins/nimble-builder/assets/front/css/sek-base-light.min9f5d.css]
[wirid-lab.umng.edu.co/es/indexbcc1.html]
[wirid-lab.umng.edu.co/es/category/wirid-lab-news/index.html]
[wirid-lab.umng.edu.co/es/wp-json/wp/v2/categories/15.json]
[wirid-lab.umng.edu.co/es/category/wirid-lab-news/feed/index.html]
[wirid-lab.umng.edu.co/es/2020/06/15/2833-revision-v1/index.html]
[wirid-lab.umng.edu.co/es/wp-json/wp/v2/users/1.json]
[wirid-lab.umng.edu.co/wp-content/uploads/2021/04/IMG_20201120_105329680-1510x1536-1-570x350.jpg]
[wirid-lab.umng.edu.co/wp-content/uploads/2021/09/u60-570x350.png]
[wirid-lab.umng.edu.co/es/author/admin/feed/index.html]
[wirid-lab.umng.edu.co/wp-content/themes/customizr/assets/front/img/thumb-standard-empty.png]
[wirid-lab.umng.edu.co/es/author/admin/page/2/index.html]
[wirid-lab.umng.edu.co/wp-content/uploads/2021/09/u97-570x350.png]
[wirid-lab.umng.edu.co/wp-content/uploads/2021/03/E634F73B-508D-4593-AF45-C353C690E4B7-570x350.jpg]
[wirid-lab.umng.edu.co/es/author/admin/index.html]
[wirid-lab.umng.edu.co/es/2021/04/13/wirid-lab-node-94/index.html]
[wirid-lab.umng.edu.co/es/wp-json/wp/v2/posts/3262.json]
[wirid-lab.umng.edu.co/es/2021/04/13/wirid-lab-node-60/index.html]
[wirid-lab.umng.edu.co/es/2021/03/22/laboratory-room/index.html]
[wirid-lab.umng.edu.co/es/wp-json/oembed/1.0/embed067f.json]
[wirid-lab.umng.edu.co/es/category/infrastructure/index.html]
[wirid-lab.umng.edu.co/es/2021/03/17/wirid-lab-node-97/index.html]
[wirid-lab.umng.edu.co/es/author/admin/page/4/index.html]
[wirid-lab.umng.edu.co/es/wp-json/oembed/1.0/embedaa38]
[wirid-lab.umng.edu.co/es/2022/05/23/rs-232-communication-analysis/feed/index.html]
[wirid-lab.umng.edu.co/wp-content/uploads/2021/03/Captura_oscilloscope-510x510.png]
[wirid-lab.umng.edu.co/wp-content/uploads/2021/03/Captura_oscilloscope.png]
[wirid-lab.umng.edu.co/wp-content/uploads/2021/06/IMG_20210615_115823166-510x510.jpg]
[wirid-lab.umng.edu.co/wp-content/uploads/2021/06/IMG_20210615_115823166-scaled.jpg]
[wirid-lab.umng.edu.co/wp-content/uploads/2021/03/Engineering-Faculty-scaled-2-510x510.jpg]
[wirid-lab.umng.edu.co/wp-content/uploads/2021/03/Engineering-Faculty-scaled-2.jpg]
[wirid-lab.umng.edu.co/es/2022/05/23/rs-232-communication-analysis/index.html]
[wirid-lab.umng.edu.co/es/2022/05/23/index.html]
[wirid-lab.umng.edu.co/es/wp-json/wp/v2/posts/3976.json]
[wirid-lab.umng.edu.co/es/wp-json/oembed/1.0/embedb983.json]
[wirid-lab.umng.edu.co/es/wp-json/oembed/1.0/embed4d7b]
[wirid-lab.umng.edu.co/wp-content/uploads/2021/09/u77.png]
[wirid-lab.umng.edu.co/wp-content/uploads/2021/09/u32-510x510.png]
[wirid-lab.umng.edu.co/wp-content/uploads/2021/09/u32.png]
[wirid-lab.umng.edu.co/es/2021/11/10/test-post/index.html]
[wirid-lab.umng.edu.co/es/author/est-luis-quibano/index.html]
[wirid-lab.umng.edu.co/es/wp-json/wp/v2/posts/3746.json]
[wirid-lab.umng.edu.co/es/2021/11/10/index.html]
[wirid-lab.umng.edu.co/es/wp-json/oembed/1.0/embedd73e.json]
[wirid-lab.umng.edu.co/es/wp-json/oembed/1.0/embed6342]
[wirid-lab.umng.edu.co/wp-content/uploads/2021/09/109-1.png]
[wirid-lab.umng.edu.co/wp-content/uploads/2021/09/u109.png]
[wirid-lab.umng.edu.co/es/2021/09/28/index.html]
[wirid-lab.umng.edu.co/wp-content/uploads/2021/09/u108-1-510x510.png]
[wirid-lab.umng.edu.co/wp-content/uploads/2021/09/u108-1.png]
[wirid-lab.umng.edu.co/wp-content/uploads/2021/09/u75-510x510.png]
[wirid-lab.umng.edu.co/wp-content/uploads/2021/09/u75.png]
[wirid-lab.umng.edu.co/wp-content/uploads/2021/09/u59-510x510.png]
[wirid-lab.umng.edu.co/wp-content/uploads/2021/09/u59.png]
[wirid-lab.umng.edu.co/es/2021/09/28/wirid-lab-node-109/index.html]
[wirid-lab.umng.edu.co/es/wp-json/wp/v2/posts/3744.json]
[wirid-lab.umng.edu.co/es/wp-json/oembed/1.0/embedc275.json]
[wirid-lab.umng.edu.co/es/wp-json/oembed/1.0/embedcfb6]
[wirid-lab.umng.edu.co/wp-content/uploads/2021/09/108.png]
[wirid-lab.umng.edu.co/wp-content/uploads/2021/09/u64-510x510.png]
[wirid-lab.umng.edu.co/wp-content/uploads/2021/09/u64.png]
[wirid-lab.umng.edu.co/wp-content/uploads/2021/09/u41-510x510.png]
[wirid-lab.umng.edu.co/wp-content/uploads/2021/09/u41.png]
[wirid-lab.umng.edu.co/es/2021/09/28/wirid-lab-node-108/index.html]
[wirid-lab.umng.edu.co/es/wp-json/wp/v2/posts/3742.json]
[wirid-lab.umng.edu.co/es/2021/09/27/wirid-lab-node-41/index.html]
[wirid-lab.umng.edu.co/es/wp-json/oembed/1.0/embedcdf9.json]
[wirid-lab.umng.edu.co/es/wp-json/oembed/1.0/embedb1ef]
[wirid-lab.umng.edu.co/wp-content/uploads/2021/09/106.png]
[wirid-lab.umng.edu.co/wp-content/uploads/2021/09/u106.png]
[wirid-lab.umng.edu.co/wp-content/uploads/2021/09/u97-510x510.png]
[wirid-lab.umng.edu.co/wp-content/uploads/2021/09/u97.png]
[wirid-lab.umng.edu.co/wp-content/uploads/2021/09/u88-510x510.png]
[wirid-lab.umng.edu.co/wp-content/uploads/2021/09/u88.png]
[wirid-lab.umng.edu.co/wp-content/uploads/2021/09/u50-510x510.png]
[wirid-lab.umng.edu.co/es/2021/09/28/wirid-lab-node-106/index.html]
[wirid-lab.umng.edu.co/wp-content/uploads/2021/09/u50.png]
[wirid-lab.umng.edu.co/es/wp-json/wp/v2/posts/1.json]
[wirid-lab.umng.edu.co/es/2021/04/12/hello-world/feed/index.html]
[wirid-lab.umng.edu.co/es/wp-json/oembed/1.0/embed7bf5.json]
[wirid-lab.umng.edu.co/es/wp-json/oembed/1.0/embedcc34]
[wirid-lab.umng.edu.co/es/2021/04/12/hello-world/index.html]
[wirid-lab.umng.edu.co/es/2021/04/12/index.html]
[wirid-lab.umng.edu.co/es/2021/04/12/hello-world/index6809.html]
[wirid-lab.umng.edu.co/es/wp-json/wp/v2/posts/3445.json]
[wirid-lab.umng.edu.co/es/2020/04/10/hola-mundo/feed/index.html]
[wirid-lab.umng.edu.co/es/wp-json/oembed/1.0/embed03df.json]
[wirid-lab.umng.edu.co/es/wp-json/oembed/1.0/embeddbc5]
[wirid-lab.umng.edu.co/es/2020/04/10/hola-mundo/index.html]
[wirid-lab.umng.edu.co/es/2020/04/10/index.html]
[wirid-lab.umng.edu.co/es/category/sin-categoria/index.html]
[wirid-lab.umng.edu.co/es/2016/01/21/ing-1541/index.html]
[wirid-lab.umng.edu.co/es/wp-json/wp/v2/posts/3646.json]
[wirid-lab.umng.edu.co/es/2015/01/26/digital-analogue-radar/index.html]
[wirid-lab.umng.edu.co/es/2016/01/21/ino-ing-2023/index.html]
[wirid-lab.umng.edu.co/es/wp-json/oembed/1.0/embed8720.json]
[wirid-lab.umng.edu.co/es/2016/01/21/ino-ing-2023-2/index.html]
[wirid-lab.umng.edu.co/es/2016/09/14/1823-revision-v1/index.html]
[wirid-lab.umng.edu.co/es/wp-json/oembed/1.0/embed5633]
[wirid-lab.umng.edu.co/wp-content/uploads/2021/09/cpe_umng_2021-1024x768.jpg]
[wirid-lab.umng.edu.co/es/2021/08/16/index.html]
[wirid-lab.umng.edu.co/wp-content/uploads/2021/09/0a1bac57-2077-40b5-a5da-7353bf3b1856.jpg]
[wirid-lab.umng.edu.co/wp-content/uploads/2021/09/IMG_5815-1024x576.jpg]
[wirid-lab.umng.edu.co/wp-content/uploads/2021/09/054b0c4e-748b-4d2c-975a-f67b138db16e.jpg]
[wirid-lab.umng.edu.co/wp-content/uploads/2021/09/32db8db0-4f62-4746-aeff-d317c1d7cdfe.jpg]
[wirid-lab.umng.edu.co/wp-content/uploads/2021/09/IMG_5828.jpg]
[wirid-lab.umng.edu.co/wp-content/uploads/2021/09/IMG_5774.jpg]
[wirid-lab.umng.edu.co/wp-content/uploads/2021/09/IMG_5781.jpg]
[wirid-lab.umng.edu.co/wp-content/uploads/2021/09/IMG_5789.jpg]
[wirid-lab.umng.edu.co/wp-content/uploads/2021/03/Jeremy_1-scaled-1-510x510.jpg]
[wirid-lab.umng.edu.co/wp-content/uploads/2021/03/Jeremy_1-scaled-1.jpg]
[wirid-lab.umng.edu.co/wp-content/uploads/2021/03/Ampere_project-510x510.jpg]
[wirid-lab.umng.edu.co/wp-content/uploads/2021/03/Ampere_project.jpg]
[wirid-lab.umng.edu.co/wp-content/uploads/2021/03/Wirid-LAB_citilab_oct_25_2019-1-510x510.png]
[wirid-lab.umng.edu.co/wp-content/uploads/2021/03/Wirid-LAB_citilab_oct_25_2019-1.png]
[wirid-lab.umng.edu.co/wp-content/uploads/2021/03/CPE_students_3-1-510x510.jpg]
[wirid-lab.umng.edu.co/wp-content/uploads/2021/03/CPE_students_3-1.jpg]
[wirid-lab.umng.edu.co/es/2021/08/16/cpe-students-summer-internship-2021/index.html]
[wirid-lab.umng.edu.co/es/author/u1400855/index.html]
[wirid-lab.umng.edu.co/es/2021/09/27/wirid-lab-node-02/index.html]
[wirid-lab.umng.edu.co/es/wp-json/wp/v2/users/2.json]
[wirid-lab.umng.edu.co/wp-content/plugins/responsive-lightbox/css/galleryb6db.css]
[wirid-lab.umng.edu.co/es/wp-json/wp/v2/posts/3451.json]
[wirid-lab.umng.edu.co/es/2021/03/22/ecoles-de-saint-cyr-coetquidan-2019/feed/index.html]
[wirid-lab.umng.edu.co/es/author/u1400855/feed/index.html]
[wirid-lab.umng.edu.co/es/wp-json/oembed/1.0/embed7e3d.json]
[wirid-lab.umng.edu.co/es/wp-json/oembed/1.0/embedc0c6]
[wirid-lab.umng.edu.co/wp-content/uploads/2021/03/Jeremy_1-scaled-1-150x150.jpg]
[wirid-lab.umng.edu.co/wp-content/uploads/2021/03/Jeremy_2-scaled-1.jpg]
[wirid-lab.umng.edu.co/wp-content/uploads/2021/03/Jeremy_2-scaled-1-150x150.jpg]
[wirid-lab.umng.edu.co/wp-content/uploads/2021/09/IMG_5789-510x510.jpg]
[wirid-lab.umng.edu.co/es/2021/03/22/ecoles-de-saint-cyr-coetquidan-2019/index.html]
[wirid-lab.umng.edu.co/es/wp-json/wp/v2/posts/3452.json]
[wirid-lab.umng.edu.co/es/2021/03/22/ampere-project-meeting/feed/index.html]
[wirid-lab.umng.edu.co/es/2021/03/22/index.html]
[wirid-lab.umng.edu.co/es/wp-json/oembed/1.0/embedb95d.json]
[wirid-lab.umng.edu.co/es/wp-json/oembed/1.0/embed0f1c]
[wirid-lab.umng.edu.co/es/2021/03/22/ampere-project-meeting/index.html]
[wirid-lab.umng.edu.co/es/wp-json/wp/v2/users/3.json]
[wirid-lab.umng.edu.co/wp-content/uploads/2021/03/Screen-Shot-2021-03-22-at-11.10.40-AM-570x350.png]
[wirid-lab.umng.edu.co/es/author/joserugeles/index.html]
[wirid-lab.umng.edu.co/es/author/joserugeles/feed/index.html]
[wirid-lab.umng.edu.co/es/2021/03/22/roof-towers/index.html]
[wirid-lab.umng.edu.co/es/wp-json/wp/v2/posts/3449.json]
[wirid-lab.umng.edu.co/es/2021/03/22/lyon-students-summer-internship-2019-cpe-lyon-2/feed/index.html]
[wirid-lab.umng.edu.co/es/wp-json/oembed/1.0/embed1f0a.json]
[wirid-lab.umng.edu.co/es/wp-json/oembed/1.0/embed8346]
[wirid-lab.umng.edu.co/wp-content/uploads/2021/03/CPE_studens_2019-scaled-1.jpg]
[wirid-lab.umng.edu.co/wp-content/uploads/2021/03/CPE_Students_2.jpg]
[wirid-lab.umng.edu.co/es/2021/03/22/lyon-students-summer-internship-2019-cpe-lyon-2/index.html]
[wirid-lab.umng.edu.co/es/wp-json/wp/v2/posts/3448.json]
[wirid-lab.umng.edu.co/es/2021/03/22/colombia-france-laboratories-integration/feed/index.html]
[wirid-lab.umng.edu.co/es/wp-json/oembed/1.0/embedb70d.json]
[wirid-lab.umng.edu.co/es/wp-json/oembed/1.0/embed58d8]
[wirid-lab.umng.edu.co/es/2021/03/22/colombia-france-laboratories-integration/index.html]
[wirid-lab.umng.edu.co/es/index84df.html]
[wirid-lab.umng.edu.co/es/category/nodes/page/2/index.html]
[wirid-lab.umng.edu.co/es/category/nodes/indoor_nodes/index.html]
[wirid-lab.umng.edu.co/es/wp-json/wp/v2/categories/18.json]
[wirid-lab.umng.edu.co/es/category/nodes/indoor_nodes/page/2/index.html]
[wirid-lab.umng.edu.co/es/category/nodes/indoor_nodes/page/3/index.html]
[wirid-lab.umng.edu.co/es/category/nodes/indoor_nodes/feed/index.html]
[wirid-lab.umng.edu.co/es/author/u1401051/index.html]
[wirid-lab.umng.edu.co/es/wp-json/wp/v2/users/4.json]
[wirid-lab.umng.edu.co/es/author/u1401051/page/2/index.html]
[wirid-lab.umng.edu.co/es/author/u1401051/page/3/index.html]
[wirid-lab.umng.edu.co/es/author/u1401051/feed/index.html]
[wirid-lab.umng.edu.co/es/wp-json/wp/v2/posts/3739.json]
[wirid-lab.umng.edu.co/es/wp-json/oembed/1.0/embedce0e.json]
[wirid-lab.umng.edu.co/es/wp-json/oembed/1.0/embede2f8]
[wirid-lab.umng.edu.co/wp-content/uploads/2021/09/88.png]
[wirid-lab.umng.edu.co/wp-content/uploads/2021/09/u19-510x510.png]
[wirid-lab.umng.edu.co/wp-content/uploads/2021/09/u19.png]
[wirid-lab.umng.edu.co/wp-content/uploads/2021/09/u17.png]
[wirid-lab.umng.edu.co/es/2021/09/28/wirid-lab-node-88/index.html]
[wirid-lab.umng.edu.co/es/2021/09/27/wirid-lab-node-19/index.html]
[wirid-lab.umng.edu.co/es/wp-json/wp/v2/posts/3737.json]
[wirid-lab.umng.edu.co/es/2021/09/27/wirid-lab-node-17/index.html]
[wirid-lab.umng.edu.co/es/wp-json/oembed/1.0/embed6293.json]
[wirid-lab.umng.edu.co/es/wp-json/oembed/1.0/embed1cbd]
[wirid-lab.umng.edu.co/wp-content/uploads/2021/09/82-1.png]
[wirid-lab.umng.edu.co/wp-content/uploads/2021/09/82-2.png]
[wirid-lab.umng.edu.co/wp-content/uploads/2021/09/u82.png]
[wirid-lab.umng.edu.co/wp-content/uploads/2021/09/u2-510x510.png]
[wirid-lab.umng.edu.co/wp-content/uploads/2021/09/u2.png]
[wirid-lab.umng.edu.co/wp-content/uploads/2021/09/u60-510x510.png]
[wirid-lab.umng.edu.co/wp-content/uploads/2021/09/u60.png]
[wirid-lab.umng.edu.co/wp-content/uploads/2021/09/u61-510x510.png]
[wirid-lab.umng.edu.co/wp-content/uploads/2021/09/u61.png]
[wirid-lab.umng.edu.co/es/2021/09/28/wirid-lab-node-82/index.html]
[wirid-lab.umng.edu.co/es/wp-json/wp/v2/posts/3735.json]
[wirid-lab.umng.edu.co/es/wp-json/oembed/1.0/embed5dd8.json]
[wirid-lab.umng.edu.co/es/wp-json/oembed/1.0/embeddb32]
[wirid-lab.umng.edu.co/wp-content/uploads/2021/09/86.png]
[wirid-lab.umng.edu.co/wp-content/uploads/2021/09/u86.png]
[wirid-lab.umng.edu.co/wp-content/uploads/2021/04/IMG_20201120_105329680-1510x1536-1-510x510.jpg]
[wirid-lab.umng.edu.co/wp-content/uploads/2021/04/IMG_20201120_105329680-1510x1536-1.jpg]
[wirid-lab.umng.edu.co/wp-content/uploads/2021/09/u109-510x510.png]
[wirid-lab.umng.edu.co/wp-content/uploads/2021/09/u82-510x510.png]
[wirid-lab.umng.edu.co/es/2021/09/28/wirid-lab-node-86/index.html]
[wirid-lab.umng.edu.co/es/wp-json/wp/v2/posts/3733.json]
[wirid-lab.umng.edu.co/es/wp-json/oembed/1.0/embed2251.json]
[wirid-lab.umng.edu.co/es/wp-json/oembed/1.0/embed321b]
[wirid-lab.umng.edu.co/wp-content/uploads/2021/09/79-1.png]
[wirid-lab.umng.edu.co/wp-content/uploads/2021/09/u79.png]
[wirid-lab.umng.edu.co/wp-content/uploads/2021/09/u86-510x510.png]
[wirid-lab.umng.edu.co/wp-content/uploads/2021/03/E634F73B-508D-4593-AF45-C353C690E4B7-510x510.jpg]
[wirid-lab.umng.edu.co/wp-content/uploads/2021/03/E634F73B-508D-4593-AF45-C353C690E4B7.jpg]
[wirid-lab.umng.edu.co/es/2021/09/28/wirid-lab-node-79/index.html]
[wirid-lab.umng.edu.co/es/wp-json/wp/v2/posts/3731.json]
[wirid-lab.umng.edu.co/es/wp-json/oembed/1.0/embed43b2.json]
[wirid-lab.umng.edu.co/es/wp-json/oembed/1.0/embed0f6a]
[wirid-lab.umng.edu.co/wp-content/uploads/2021/09/77.png]
[wirid-lab.umng.edu.co/wp-content/uploads/2021/09/u65-510x510.png]
[wirid-lab.umng.edu.co/wp-content/uploads/2021/09/u65.png]
[wirid-lab.umng.edu.co/es/2021/09/28/wirid-lab-node-77/index.html]
[wirid-lab.umng.edu.co/es/category/uncategorized/index.html]
[wirid-lab.umng.edu.co/es/wp-json/wp/v2/categories/1.json]
[wirid-lab.umng.edu.co/es/category/uncategorized/feed/index.html]
[wirid-lab.umng.edu.co/es/wp-json/wp/v2/posts/3729.json]
[wirid-lab.umng.edu.co/es/wp-json/oembed/1.0/embed74ff.json]
[wirid-lab.umng.edu.co/es/wp-json/oembed/1.0/embedcfdd]
[wirid-lab.umng.edu.co/wp-content/uploads/2021/09/u76.png]
[wirid-lab.umng.edu.co/es/2021/09/28/wirid-lab-node-76/index.html]
[wirid-lab.umng.edu.co/wp-content/uploads/2021/09/u106-510x510.png]
[wirid-lab.umng.edu.co/es/wp-json/wp/v2/posts/3727.json]
[wirid-lab.umng.edu.co/es/wp-json/oembed/1.0/embedfb36.json]
[wirid-lab.umng.edu.co/es/wp-json/oembed/1.0/embedd443]
[wirid-lab.umng.edu.co/wp-content/uploads/2021/09/75-1-min.png]
[wirid-lab.umng.edu.co/wp-content/uploads/2021/09/75.png]
[wirid-lab.umng.edu.co/wp-content/uploads/2021/09/u100-510x510.png]
[wirid-lab.umng.edu.co/wp-content/uploads/2021/09/u100.png]
[wirid-lab.umng.edu.co/es/2021/09/28/wirid-lab-node-75/index.html]
[wirid-lab.umng.edu.co/es/category/nodes/page/3/index.html]
[wirid-lab.umng.edu.co/es/category/nodes/radio_nodes/page/2/index.html]
[wirid-lab.umng.edu.co/es/wp-json/wp/v2/posts/3725.json]
[wirid-lab.umng.edu.co/es/wp-json/oembed/1.0/embedb1fc.json]
[wirid-lab.umng.edu.co/es/wp-json/oembed/1.0/embede87e]
[wirid-lab.umng.edu.co/wp-content/uploads/2021/09/72.png]
[wirid-lab.umng.edu.co/wp-content/uploads/2021/09/u72.png]
[wirid-lab.umng.edu.co/es/2021/09/28/wirid-lab-node-72-2/index.html]
[wirid-lab.umng.edu.co/es/wp-json/wp/v2/posts/3714.json]
[wirid-lab.umng.edu.co/es/wp-json/oembed/1.0/embed9fd9.json]
[wirid-lab.umng.edu.co/es/wp-json/oembed/1.0/embed5c8e]
[wirid-lab.umng.edu.co/wp-content/uploads/2021/09/65.png]
[wirid-lab.umng.edu.co/es/2021/09/27/wirid-lab-node-65/index.html]
[wirid-lab.umng.edu.co/es/wp-json/wp/v2/posts/3712.json]
[wirid-lab.umng.edu.co/es/2021/09/27/index.html]
[wirid-lab.umng.edu.co/es/wp-json/oembed/1.0/embedafbb.json]
[wirid-lab.umng.edu.co/es/wp-json/oembed/1.0/embeda567]
[wirid-lab.umng.edu.co/wp-content/uploads/2021/09/64.png]
[wirid-lab.umng.edu.co/wp-content/uploads/2021/09/u28-510x510.png]
[wirid-lab.umng.edu.co/wp-content/uploads/2021/09/u28.png]
[wirid-lab.umng.edu.co/es/2021/09/27/wirid-lab-node-64/index.html]
[wirid-lab.umng.edu.co/es/wp-json/wp/v2/posts/3709.json]
[wirid-lab.umng.edu.co/es/2021/09/27/wirid-lab-node-28/index.html]
[wirid-lab.umng.edu.co/es/wp-json/oembed/1.0/embed19a6.json]
[wirid-lab.umng.edu.co/es/wp-json/oembed/1.0/embedc406]
[wirid-lab.umng.edu.co/wp-content/uploads/2021/09/59.png]
[wirid-lab.umng.edu.co/es/2021/09/27/wirid-lab-node-59/index.html]
[wirid-lab.umng.edu.co/es/wp-json/wp/v2/posts/3702.json]
[wirid-lab.umng.edu.co/es/wp-json/oembed/1.0/embed5875.json]
[wirid-lab.umng.edu.co/es/2021/09/27/wirid-lab-node-54/index.html]
[wirid-lab.umng.edu.co/es/wp-json/oembed/1.0/embed8d61]
[wirid-lab.umng.edu.co/wp-content/uploads/2021/09/50.png]
[wirid-lab.umng.edu.co/es/2021/09/27/wirid-lab-node-50/index.html]
[wirid-lab.umng.edu.co/es/wp-json/wp/v2/posts/3690.json]
[wirid-lab.umng.edu.co/es/wp-json/oembed/1.0/embed2c94.json]
[wirid-lab.umng.edu.co/es/wp-json/oembed/1.0/embed2120]
[wirid-lab.umng.edu.co/wp-content/uploads/2021/09/61-1.png]
[wirid-lab.umng.edu.co/es/2021/09/27/wirid-lab-node-61/index.html]
[wirid-lab.umng.edu.co/es/wp-json/wp/v2/posts/3675.json]
[wirid-lab.umng.edu.co/es/wp-json/oembed/1.0/embed3c23.json]
[wirid-lab.umng.edu.co/es/wp-json/oembed/1.0/embed338d]
[wirid-lab.umng.edu.co/wp-content/uploads/2021/09/04.png]
[wirid-lab.umng.edu.co/wp-content/uploads/2021/09/u4.png]
[wirid-lab.umng.edu.co/es/2021/09/27/wirid-lab-node-04/index.html]
[wirid-lab.umng.edu.co/es/2021/09/27/wirid-lab-node-15/index.html]
[wirid-lab.umng.edu.co/es/wp-json/wp/v2/posts/3679.json]
[wirid-lab.umng.edu.co/es/wp-json/oembed/1.0/embedee05.json]
[wirid-lab.umng.edu.co/es/wp-json/oembed/1.0/embed3c6f]
[wirid-lab.umng.edu.co/wp-content/uploads/2021/09/100.png]
[wirid-lab.umng.edu.co/es/2021/09/27/wirid-lab-node-100/index.html]
[wirid-lab.umng.edu.co/es/wp-json/wp/v2/posts/3676.json]
[wirid-lab.umng.edu.co/es/wp-json/oembed/1.0/embed539c.json]
[wirid-lab.umng.edu.co/es/wp-json/oembed/1.0/embed3cf0]
[wirid-lab.umng.edu.co/wp-content/uploads/2021/09/32.png]
[wirid-lab.umng.edu.co/wp-content/uploads/2021/09/u4-510x510.png]
[wirid-lab.umng.edu.co/wp-content/uploads/2021/09/u72-510x510.png]
[wirid-lab.umng.edu.co/es/2021/09/27/wirid-lab-node-32/index.html]
[wirid-lab.umng.edu.co/es/wp-json/wp/v2/posts/1418.json]
[wirid-lab.umng.edu.co/es/wp-json/oembed/1.0/embed88f0.json]
[wirid-lab.umng.edu.co/es/wp-json/oembed/1.0/embedef7b]
[wirid-lab.umng.edu.co/wp-content/uploads/2016/02/keysight-VSG-300x119.jpg]
[wirid-lab.umng.edu.co/es/2016/02/04/vsg-keysight-n5172b-exg/index.html]
[wirid-lab.umng.edu.co/es/2016/02/04/index.html]
[wirid-lab.umng.edu.co/es/wp-json/wp/v2/posts/3606.json]
[wirid-lab.umng.edu.co/es/2016/01/21/ing-2113/index.html]
[wirid-lab.umng.edu.co/es/wp-json/oembed/1.0/embed4f48.json]
[wirid-lab.umng.edu.co/es/2016/03/03/prueba-tooltip/index.html]
[wirid-lab.umng.edu.co/es/wp-json/oembed/1.0/embedb590]
[wirid-lab.umng.edu.co/wp-content/uploads/2021/06/status-reserva-1024x259.png]
[wirid-lab.umng.edu.co/wp-content/uploads/2021/06/scheme-iot-rf-1024x892.png]
[wirid-lab.umng.edu.co/es/2021/06/29/index.html]
[wirid-lab.umng.edu.co/wp-content/uploads/2021/06/libreria_tx.png]
[wirid-lab.umng.edu.co/wp-content/uploads/2021/06/board_list_tx.png]
[wirid-lab.umng.edu.co/wp-content/uploads/2021/06/compilado_tx.png]
[wirid-lab.umng.edu.co/wp-content/uploads/2021/06/tx_data.png]
[wirid-lab.umng.edu.co/wp-content/uploads/2021/06/rx_data.png]
[wirid-lab.umng.edu.co/wp-content/uploads/2021/06/influx-token-1024x471.png]
[wirid-lab.umng.edu.co/wp-content/uploads/2021/06/node_red_tx-1024x473.png]
[wirid-lab.umng.edu.co/wp-content/uploads/2021/06/node_red_rx-1024x470.png]
[wirid-lab.umng.edu.co/wp-content/uploads/2021/06/grafana-database-1024x469.png]
[wirid-lab.umng.edu.co/wp-content/uploads/2021/06/influx-data-1024x471.png]
[wirid-lab.umng.edu.co/wp-content/uploads/2021/06/grafana-data-real-time-1024x469.png]
[wirid-lab.umng.edu.co/wp-content/uploads/2022/05/oscilloscope-510x212.png]
[wirid-lab.umng.edu.co/wp-content/uploads/2022/05/oscilloscope.png]
[wirid-lab.umng.edu.co/es/2021/06/29/nrf24l01-communication/index.html]
[wirid-lab.umng.edu.co/es/wp-json/wp/v2/posts/3453.json]
[wirid-lab.umng.edu.co/es/wp-json/oembed/1.0/embed921c.json]
[wirid-lab.umng.edu.co/es/2021/03/22/dvb-t2-transmission/feed/index.html]
[wirid-lab.umng.edu.co/es/wp-json/oembed/1.0/embed8dcb]
[wirid-lab.umng.edu.co/wp-content/uploads/2021/03/Engineering-Faculty-scaled-1.jpg]
[wirid-lab.umng.edu.co/wp-content/uploads/2021/03/Antenna_mounting_6-scaled-1.jpg]
[wirid-lab.umng.edu.co/wp-content/uploads/2021/03/Antenna_mounting_1-scaled-1.jpg]
[wirid-lab.umng.edu.co/wp-content/uploads/2021/03/Antenna_mounting_4-scaled-1.jpg]
[wirid-lab.umng.edu.co/wp-content/uploads/2021/03/Antenna_mounting_3-scaled-1.jpg]
[wirid-lab.umng.edu.co/wp-content/uploads/2021/03/antenna_view-scaled-1.jpg]
[wirid-lab.umng.edu.co/wp-content/uploads/2021/03/Antenna_mounting_2-scaled-1.jpg]
[wirid-lab.umng.edu.co/wp-content/uploads/2021/03/Antenna_mounting-scaled-2.jpg]
[wirid-lab.umng.edu.co/wp-content/uploads/2021/03/Antenna_deployment-scaled-1.jpg]
[wirid-lab.umng.edu.co/es/2021/03/22/dvb-t2-transmission/index.html]
[wirid-lab.umng.edu.co/es/wp-json/wp/v2/posts/3303.json]
[wirid-lab.umng.edu.co/es/2021/03/16/running-the-remote-oscilloscope-node-72/feed/index.html]
[wirid-lab.umng.edu.co/es/wp-json/oembed/1.0/embed2cdd.json]
[wirid-lab.umng.edu.co/es/wp-json/oembed/1.0/embed2863]
[wirid-lab.umng.edu.co/wp-content/uploads/2022/05/oscilloscope-300x59.png]
[wirid-lab.umng.edu.co/wp-content/uploads/2021/03/step4.png]
[wirid-lab.umng.edu.co/es/2021/03/16/running-the-remote-oscilloscope-node-72/index.html]
[wirid-lab.umng.edu.co/wp-content/plugins/ninja-tables/assets/css/ninjatables-public31a4.css]
[wirid-lab.umng.edu.co/es/index0368.html]
[wirid-lab.umng.edu.co/es/indexd2f9.html]
[wirid-lab.umng.edu.co/es/indexbf53.html]
[wirid-lab.umng.edu.co/es/index004c.html]
[wirid-lab.umng.edu.co/es/index36e7.html]
[wirid-lab.umng.edu.co/es/2020/06/16/index.html]
[wirid-lab.umng.edu.co/es/2021/03/16/index.html]
[wirid-lab.umng.edu.co/es/2020/index.html]
[wirid-lab.umng.edu.co/es/wp-json/wp/v2/posts/3254.json]
[wirid-lab.umng.edu.co/es/2021/03/15/wirid-lab-node-72/feed/index.html]
[wirid-lab.umng.edu.co/es/wp-json/oembed/1.0/embed7ca5.json]
[wirid-lab.umng.edu.co/es/2020/06/index.html]
[wirid-lab.umng.edu.co/es/wp-json/oembed/1.0/embed52b9]
[wirid-lab.umng.edu.co/es/2021/03/15/wirid-lab-node-72/index.html]
[wirid-lab.umng.edu.co/es/index138b.html]
[wirid-lab.umng.edu.co/es/2021/03/15/index.html]
[wirid-lab.umng.edu.co/es/wp-json/wp/v2/posts/2833.json]
[wirid-lab.umng.edu.co/es/wp-json/oembed/1.0/embed6104.json]
[wirid-lab.umng.edu.co/es/wp-json/oembed/1.0/embedeaa7]
[wirid-lab.umng.edu.co/wp-content/uploads/2020/06/gnuradio-1.png]
[wirid-lab.umng.edu.co/wp-content/uploads/2020/06/gnuradio-1-1024x185.png]
[wirid-lab.umng.edu.co/es/2020/06/15/index.html]
[wirid-lab.umng.edu.co/wp-content/uploads/2020/06/token-gnuradio.png]
[wirid-lab.umng.edu.co/wp-content/uploads/2020/06/token-gnuradio-1024x467.png]
[wirid-lab.umng.edu.co/wp-content/uploads/2020/06/vnc-gnuradio.png]
[wirid-lab.umng.edu.co/wp-content/uploads/2020/06/vnc-gnuradio-1024x469.png]
[wirid-lab.umng.edu.co/wp-content/uploads/2016/11/reserva-gnuradio-9-1-1024x573.png]
[wirid-lab.umng.edu.co/wp-content/uploads/2020/06/ssh-gnuradio.png]
[wirid-lab.umng.edu.co/wp-content/uploads/2016/11/reserva-gnuradio-5.png]
[wirid-lab.umng.edu.co/wp-content/uploads/2016/11/reserva-gnuradio-7-1024x577.png]
[wirid-lab.umng.edu.co/wp-content/uploads/2016/11/reserva-gnuradio-8-1024x572.png]
[wirid-lab.umng.edu.co/es/2020/06/15/2833-revision-v1/index.html]
[wirid-lab.umng.edu.co/es/author/admin/page/2/index.html]
[wirid-lab.umng.edu.co/es/wp-json/wp/v2/posts/3546.json]
[wirid-lab.umng.edu.co/es/2021/04/13/wirid-lab-node-94/feed/index.html]
[wirid-lab.umng.edu.co/es/wp-json/oembed/1.0/embed4fbf.json]
[wirid-lab.umng.edu.co/es/wp-json/oembed/1.0/embed089d]
[wirid-lab.umng.edu.co/wp-content/uploads/2021/04/IMG_20201120_105329680-1510x1536-1-1007x1024.jpg]
[wirid-lab.umng.edu.co/wp-content/uploads/2021/09/u94.png]
[wirid-lab.umng.edu.co/es/2021/04/13/wirid-lab-node-94/index.html]
[wirid-lab.umng.edu.co/es/2021/04/13/index.html]
[wirid-lab.umng.edu.co/es/wp-json/wp/v2/posts/3540.json]
[wirid-lab.umng.edu.co/es/2021/04/13/wirid-lab-node-60/feed/index.html]
[wirid-lab.umng.edu.co/es/wp-json/oembed/1.0/embedba47.json]
[wirid-lab.umng.edu.co/es/wp-json/oembed/1.0/embed14d9]
[wirid-lab.umng.edu.co/wp-content/uploads/2021/04/CAD47A64-4529-42C3-BFBD-A62648F1AC38-1536x865-1-1024x577.jpg]
[wirid-lab.umng.edu.co/es/2021/04/13/wirid-lab-node-60/index.html]
[wirid-lab.umng.edu.co/es/wp-json/wp/v2/posts/3341.json]
[wirid-lab.umng.edu.co/es/2021/03/22/laboratory-room/feed/index.html]
[wirid-lab.umng.edu.co/es/wp-json/oembed/1.0/embed7d98.json]
[wirid-lab.umng.edu.co/es/wp-json/oembed/1.0/embed2e35]
[wirid-lab.umng.edu.co/wp-content/uploads/2021/03/Screen-Shot-2021-03-22-at-11.10.40-AM-510x437.png]
[wirid-lab.umng.edu.co/wp-content/uploads/2021/03/Screen-Shot-2021-03-22-at-11.10.40-AM.png]
[wirid-lab.umng.edu.co/es/2021/03/22/laboratory-room/index.html]
[wirid-lab.umng.edu.co/es/category/infrastructure/index.html]
[wirid-lab.umng.edu.co/es/wp-json/wp/v2/categories/6.json]
[wirid-lab.umng.edu.co/es/category/infrastructure/feed/index.html]
[wirid-lab.umng.edu.co/es/wp-json/wp/v2/posts/3315.json]
[wirid-lab.umng.edu.co/es/2021/03/17/wirid-lab-node-97/feed/index.html]
[wirid-lab.umng.edu.co/es/wp-json/oembed/1.0/embed4876.json]
[wirid-lab.umng.edu.co/es/wp-json/oembed/1.0/embed3232]
[wirid-lab.umng.edu.co/wp-content/uploads/2021/03/210EB34D-BD40-4057-AE9B-E5DDCC7625C7-scaled-2.jpg]
[wirid-lab.umng.edu.co/wp-content/uploads/2021/09/u54-510x510.png]
[wirid-lab.umng.edu.co/wp-content/uploads/2021/09/u54.png]
[wirid-lab.umng.edu.co/es/2021/03/17/wirid-lab-node-97/index.html]
[wirid-lab.umng.edu.co/es/author/admin/page/4/index.html]
[wirid-lab.umng.edu.co/es/indexe2d5.html]
[wirid-lab.umng.edu.co/es/2022/05/23/index.html]
[wirid-lab.umng.edu.co/es/2021/03/17/index.html]
[wirid-lab.umng.edu.co/es/2022/index.html]
[wirid-lab.umng.edu.co/es/index05a0.html]
[wirid-lab.umng.edu.co/es/2022/05/index.html]
[wirid-lab.umng.edu.co/es/author/est-luis-quibano/index.html]
[wirid-lab.umng.edu.co/es/2021/11/10/index.html]
[wirid-lab.umng.edu.co/es/wp-json/wp/v2/users/7.json]
[wirid-lab.umng.edu.co/es/index33f1.html]
[wirid-lab.umng.edu.co/es/2021/09/28/index.html]
[wirid-lab.umng.edu.co/es/2021/index.html]
[wirid-lab.umng.edu.co/es/2021/11/index.html]
[wirid-lab.umng.edu.co/es/index86cb.html]
[wirid-lab.umng.edu.co/es/author/est-luis-quibano/feed/index.html]
[wirid-lab.umng.edu.co/es/2021/09/28/page/2/index.html]
[wirid-lab.umng.edu.co/es/wp-json/wp/v2/posts/3697.json]
[wirid-lab.umng.edu.co/es/2021/09/index.html]
[wirid-lab.umng.edu.co/es/wp-json/oembed/1.0/embed149b.json]
[wirid-lab.umng.edu.co/es/wp-json/oembed/1.0/embedfbdb]
[wirid-lab.umng.edu.co/wp-content/uploads/2021/09/41.png]
[wirid-lab.umng.edu.co/es/2021/09/27/wirid-lab-node-41/index.html]
[wirid-lab.umng.edu.co/es/indexed0a.html]
[wirid-lab.umng.edu.co/es/indexcff1.html]
[wirid-lab.umng.edu.co/es/2021/04/12/index.html]
[wirid-lab.umng.edu.co/es/2021/04/12/hello-world/index6809.html]
[wirid-lab.umng.edu.co/es/index07c0.html]
[wirid-lab.umng.edu.co/es/2021/04/index.html]
[wirid-lab.umng.edu.co/es/category/sin-categoria/page/2/index.html]
[wirid-lab.umng.edu.co/es/category/sin-categoria/feed/index.html]
[wirid-lab.umng.edu.co/es/wp-json/wp/v2/categories/13.json]
[wirid-lab.umng.edu.co/wp-content/uploads/2020/06/ssh-gnuradio-570x350.png]
[wirid-lab.umng.edu.co/es/category/sin-categoria/index.html]
[wirid-lab.umng.edu.co/es/2020/04/10/index.html]
[wirid-lab.umng.edu.co/es/2016/05/20/prueba-gsm/index.html]
[wirid-lab.umng.edu.co/es/2020/04/index.html]
[wirid-lab.umng.edu.co/es/wp-json/wp/v2/posts/992.json]
[wirid-lab.umng.edu.co/es/wp-json/oembed/1.0/embed521e.json]
[wirid-lab.umng.edu.co/es/wp-json/oembed/1.0/embed5854]
[wirid-lab.umng.edu.co/es/2016/01/21/ing-1541/index.html]
[wirid-lab.umng.edu.co/es/wp-json/wp/v2/posts/1233.json]
[wirid-lab.umng.edu.co/es/2016/01/11/luis-eduardo-quibano-alarcon/index.html]
[wirid-lab.umng.edu.co/es/2016/01/21/index.html]
[wirid-lab.umng.edu.co/es/wp-json/oembed/1.0/embedaa0b.json]
[wirid-lab.umng.edu.co/es/wp-json/oembed/1.0/embeda1c7]
[wirid-lab.umng.edu.co/es/2015/01/26/index.html]
[wirid-lab.umng.edu.co/2015/01/26/digital-analogue-radar/images/1400855/Sin_ttulo.png]
[wirid-lab.umng.edu.co/es/2015/01/26/digital-analogue-radar/images/1400855/Radar_sistema.bmp]
[wirid-lab.umng.edu.co/2015/01/26/digital-analogue-radar/images/1400855/CW.png]
[wirid-lab.umng.edu.co/2015/01/26/digital-analogue-radar/images/1400855/Ecuacion_CW.png]
[wirid-lab.umng.edu.co/2015/01/26/digital-analogue-radar/images/1400855/PulseRadar.png]
[wirid-lab.umng.edu.co/2015/01/26/digital-analogue-radar/images/1400855/PulseRadar_Ecuacion.png]
[i.giphy.com/yoJC2B3OIhcVRaW3v2.gif]
[wirid-lab.umng.edu.co/2015/01/26/digital-analogue-radar/images/1400855/GeneradorRF.png]
[wirid-lab.umng.edu.co/2015/01/26/digital-analogue-radar/images/1400855/USRP_CW_MONTAJE_FOTO.png]
[wirid-lab.umng.edu.co/2015/01/26/digital-analogue-radar/images/1400855/USRP_CW_RX.png]
[wirid-lab.umng.edu.co/2015/01/26/digital-analogue-radar/images/1400855/USRP_PULSO_MONTAJE_FOTO.jpg]
[wirid-lab.umng.edu.co/2015/01/26/digital-analogue-radar/images/1400855/USRP_PULSO_ANCHO.png]
[wirid-lab.umng.edu.co/2015/01/26/digital-analogue-radar/images/1400855/USRP_PULSO_PERIODO.png]
[wirid-lab.umng.edu.co/2015/01/26/digital-analogue-radar/images/1400855/USRP_PULSO_BW.png]
[wirid-lab.umng.edu.co/2015/01/26/digital-analogue-radar/images/1400855/USRP_PULSO_BW2.png]
[wirid-lab.umng.edu.co/es/2015/01/26/digital-analogue-radar/index.html]
[wirid-lab.umng.edu.co/es/wp-json/wp/v2/posts/989.json]
[wirid-lab.umng.edu.co/es/2015/12/29/slide-bar/index.html]
[wirid-lab.umng.edu.co/es/wp-json/oembed/1.0/embed5d7e.json]
[wirid-lab.umng.edu.co/es/wp-json/oembed/1.0/embed3bd5]
[wirid-lab.umng.edu.co/es/2016/01/21/ino-ing-2023/index.html]
[wirid-lab.umng.edu.co/es/wp-json/wp/v2/posts/3440.json]
[wirid-lab.umng.edu.co/es/2016/01/11/jose-de-jesus-rugeles-uribe/index.html]
[wirid-lab.umng.edu.co/es/wp-json/oembed/1.0/embed70f3.json]
[wirid-lab.umng.edu.co/es/2015/01/26/digital-analogue-radar-2/index.html]
[wirid-lab.umng.edu.co/es/wp-json/oembed/1.0/embed6c64]
[wirid-lab.umng.edu.co/es/2016/01/21/ino-ing-2023-2/index.html]
[wirid-lab.umng.edu.co/wp-content/uploads/2020/06/ssh-gnuradio-510x510.png]
[wirid-lab.umng.edu.co/es/wp-json/wp/v2/posts/1823.json]
[wirid-lab.umng.edu.co/es/wp-json/oembed/1.0/embedb10c.json]
[wirid-lab.umng.edu.co/es/wp-json/oembed/1.0/embed0755]
[wirid-lab.umng.edu.co/wp-content/uploads/2016/09/tunnel_1.png]
[wirid-lab.umng.edu.co/wp-content/uploads/2016/09/tunnel_1-1024x546.png]
[wirid-lab.umng.edu.co/es/2016/09/14/index.html]
[wirid-lab.umng.edu.co/wp-content/uploads/2016/09/tunnel_2.png]
[wirid-lab.umng.edu.co/wp-content/uploads/2016/09/tunnel_2-1024x312.png]
[wirid-lab.umng.edu.co/wp-content/uploads/2016/09/tunnel_3.png]
[wirid-lab.umng.edu.co/es/2016/09/14/1823-revision-v1/index.html]
[wirid-lab.umng.edu.co/es/index3234.html]
[wirid-lab.umng.edu.co/es/2021/08/16/index.html]
[wirid-lab.umng.edu.co/es/2016/01/11/juan-carlos-martinez-quintero/index.html]
[wirid-lab.umng.edu.co/es/2021/08/index.html]
[wirid-lab.umng.edu.co/es/wp-json/wp/v2/posts/3671.json]
[wirid-lab.umng.edu.co/es/wp-json/oembed/1.0/embed2cb8.json]
[wirid-lab.umng.edu.co/es/wp-json/oembed/1.0/embed2510]
[wirid-lab.umng.edu.co/wp-content/uploads/2021/09/02.png]
[wirid-lab.umng.edu.co/wp-content/uploads/2021/09/u79-510x510.png]
[wirid-lab.umng.edu.co/es/2021/09/27/wirid-lab-node-02/index.html]
[wirid-lab.umng.edu.co/wp-content/plugins/responsive-lightbox/css/galleryb6db.css]
[wirid-lab.umng.edu.co/es/indexb726.html]
[wirid-lab.umng.edu.co/es/2021/03/22/index.html]
[wirid-lab.umng.edu.co/es/index16b2.html]
[wirid-lab.umng.edu.co/es/2021/03/index.html]
[wirid-lab.umng.edu.co/es/wp-json/wp/v2/posts/3336.json]
[wirid-lab.umng.edu.co/es/2021/03/22/roof-towers/feed/index.html]
[wirid-lab.umng.edu.co/es/wp-json/oembed/1.0/embedf900.json]
[wirid-lab.umng.edu.co/es/wp-json/oembed/1.0/embed069e]
[wirid-lab.umng.edu.co/wp-content/uploads/2021/03/Tower_1.png]
[wirid-lab.umng.edu.co/wp-content/uploads/2021/03/IMG_7289-scaled-1.jpg]
[wirid-lab.umng.edu.co/es/2021/03/22/roof-towers/index.html]
[wirid-lab.umng.edu.co/es/index7d7e.html]
[wirid-lab.umng.edu.co/es/index7860.html]
[wirid-lab.umng.edu.co/es/category/nodes/indoor_nodes/page/2/index.html]
[wirid-lab.umng.edu.co/es/category/nodes/indoor_nodes/page/3/index.html]
[wirid-lab.umng.edu.co/es/author/u1401051/page/2/index.html]
[wirid-lab.umng.edu.co/es/author/u1401051/page/3/index.html]
[wirid-lab.umng.edu.co/es/index07c2.html]
[wirid-lab.umng.edu.co/es/wp-json/wp/v2/posts/3686.json]
[wirid-lab.umng.edu.co/es/wp-json/oembed/1.0/embed9710.json]
[wirid-lab.umng.edu.co/es/wp-json/oembed/1.0/embed35f3]
[wirid-lab.umng.edu.co/wp-content/uploads/2021/09/19.png]
[wirid-lab.umng.edu.co/es/2021/09/27/wirid-lab-node-19/index.html]
[wirid-lab.umng.edu.co/es/wp-json/wp/v2/posts/3684.json]
[wirid-lab.umng.edu.co/es/wp-json/oembed/1.0/embeda2b0.json]
[wirid-lab.umng.edu.co/es/wp-json/oembed/1.0/embed2bf9]
[wirid-lab.umng.edu.co/wp-content/uploads/2021/09/17.png]
[wirid-lab.umng.edu.co/es/2021/09/27/wirid-lab-node-17/index.html]
[wirid-lab.umng.edu.co/es/index45ae.html]
[wirid-lab.umng.edu.co/es/index4ddf.html]
[wirid-lab.umng.edu.co/es/index4da9.html]
[wirid-lab.umng.edu.co/es/index978c.html]
[wirid-lab.umng.edu.co/es/indexf81a.html]
[wirid-lab.umng.edu.co/es/index104b.html]
[wirid-lab.umng.edu.co/es/indexcf98.html]
[wirid-lab.umng.edu.co/es/index7990.html]
[wirid-lab.umng.edu.co/wp-content/uploads/2021/09/u54-570x350.png]
[wirid-lab.umng.edu.co/wp-content/uploads/2021/09/u41-570x350.png]
[wirid-lab.umng.edu.co/wp-content/uploads/2021/09/u28-570x350.png]
[wirid-lab.umng.edu.co/es/2021/09/27/page/2/index.html]
[wirid-lab.umng.edu.co/wp-content/uploads/2021/09/u19-570x350.png]
[wirid-lab.umng.edu.co/es/2021/09/27/index.html]
[wirid-lab.umng.edu.co/es/index256a.html]
[wirid-lab.umng.edu.co/es/wp-json/wp/v2/posts/3688.json]
[wirid-lab.umng.edu.co/es/wp-json/oembed/1.0/embed6fe8.json]
[wirid-lab.umng.edu.co/es/wp-json/oembed/1.0/embedc459]
[wirid-lab.umng.edu.co/wp-content/uploads/2021/09/28.png]
[wirid-lab.umng.edu.co/wp-content/uploads/2021/09/u15-510x510.png]
[wirid-lab.umng.edu.co/wp-content/uploads/2021/09/u15.png]
[wirid-lab.umng.edu.co/es/2021/09/27/wirid-lab-node-28/index.html]
[wirid-lab.umng.edu.co/es/index0ffa.html]
[wirid-lab.umng.edu.co/es/wp-json/wp/v2/posts/3706.json]
[wirid-lab.umng.edu.co/es/wp-json/oembed/1.0/embedd7d3.json]
[wirid-lab.umng.edu.co/es/wp-json/oembed/1.0/embed669c]
[wirid-lab.umng.edu.co/wp-content/uploads/2021/09/54.png]
[wirid-lab.umng.edu.co/es/2021/09/27/wirid-lab-node-54/index.html]
[wirid-lab.umng.edu.co/es/index3679.html]
[wirid-lab.umng.edu.co/es/indexbb23.html]
[wirid-lab.umng.edu.co/es/index7c50.html]
[wirid-lab.umng.edu.co/es/wp-json/wp/v2/posts/3682.json]
[wirid-lab.umng.edu.co/es/wp-json/oembed/1.0/embeda517.json]
[wirid-lab.umng.edu.co/es/wp-json/oembed/1.0/embed5887]
[wirid-lab.umng.edu.co/wp-content/uploads/2021/09/15.png]
[wirid-lab.umng.edu.co/es/2021/09/27/wirid-lab-node-15/index.html]
[wirid-lab.umng.edu.co/es/indexf473.html]
[wirid-lab.umng.edu.co/es/indexfc53.html]
[wirid-lab.umng.edu.co/es/index6435.html]
[wirid-lab.umng.edu.co/es/2016/02/04/index.html]
[wirid-lab.umng.edu.co/es/2016/02/index.html]
[wirid-lab.umng.edu.co/es/2016/index.html]
[wirid-lab.umng.edu.co/es/wp-json/wp/v2/posts/1017.json]
[wirid-lab.umng.edu.co/es/wp-json/oembed/1.0/embed3be9.json]
[wirid-lab.umng.edu.co/es/wp-json/oembed/1.0/embedb6a3]
[wirid-lab.umng.edu.co/es/2016/01/21/ing-2113/index.html]
[wirid-lab.umng.edu.co/es/wp-json/wp/v2/posts/1443.json]
[wirid-lab.umng.edu.co/es/wp-json/oembed/1.0/embed5824.json]
[wirid-lab.umng.edu.co/es/wp-json/oembed/1.0/embed1f0b]
[wirid-lab.umng.edu.co/es/2016/03/03/prueba-tooltip/index.html]
[wirid-lab.umng.edu.co/es/indexa012.html]
[wirid-lab.umng.edu.co/es/2021/06/29/index.html]
[wirid-lab.umng.edu.co/es/index5916.html]
[wirid-lab.umng.edu.co/es/index389e.html]
[wirid-lab.umng.edu.co/es/2021/03/16/index.html]
[wirid-lab.umng.edu.co/es/2020/index.html]
[wirid-lab.umng.edu.co/es/2020/06/index.html]
[wirid-lab.umng.edu.co/es/index1d2e.html]
[wirid-lab.umng.edu.co/es/2021/03/15/index.html]
[wirid-lab.umng.edu.co/es/index7994.html]
[wirid-lab.umng.edu.co/es/2020/06/15/index.html]
[wirid-lab.umng.edu.co/es/index0aaf.html]
[wirid-lab.umng.edu.co/es/2021/04/13/index.html]
[wirid-lab.umng.edu.co/es/index3e13.html]
[wirid-lab.umng.edu.co/es/index054d.html]
[wirid-lab.umng.edu.co/es/indexaadb.html]
[wirid-lab.umng.edu.co/es/2021/03/17/index.html]
[wirid-lab.umng.edu.co/es/2022/index.html]
[wirid-lab.umng.edu.co/es/2022/05/index.html]
[wirid-lab.umng.edu.co/es/2021/06/index.html]
[wirid-lab.umng.edu.co/es/2016/03/03/index.html]
[wirid-lab.umng.edu.co/es/2021/index.html]
[wirid-lab.umng.edu.co/es/2021/11/index.html]
[wirid-lab.umng.edu.co/es/2021/09/28/page/2/index.html]
[wirid-lab.umng.edu.co/es/2021/09/index.html]
[wirid-lab.umng.edu.co/es/2021/page/2/index.html]
[wirid-lab.umng.edu.co/es/2021/page/5/index.html]
[wirid-lab.umng.edu.co/es/indexe4f6.html]
[wirid-lab.umng.edu.co/es/2021/04/index.html]
[wirid-lab.umng.edu.co/es/category/sin-categoria/page/2/index.html]
[wirid-lab.umng.edu.co/es/2021/09/page/2/index.html]
[wirid-lab.umng.edu.co/es/2021/09/page/3/index.html]
[wirid-lab.umng.edu.co/es/wp-json/wp/v2/posts/1614.json]
[wirid-lab.umng.edu.co/es/wp-json/oembed/1.0/embed92be.json]
[wirid-lab.umng.edu.co/es/wp-json/oembed/1.0/embedfdb5]
[wirid-lab.umng.edu.co/es/2016/05/20/prueba-gsm/index.html]
[wirid-lab.umng.edu.co/es/2020/04/index.html]
[wirid-lab.umng.edu.co/es/index0d0a.html]
[wirid-lab.umng.edu.co/es/2016/01/21/index.html]
[wirid-lab.umng.edu.co/es/2016/05/20/index.html]
[wirid-lab.umng.edu.co/es/wp-json/wp/v2/posts/1743.json]
[wirid-lab.umng.edu.co/es/2016/01/index.html]
[wirid-lab.umng.edu.co/es/wp-json/oembed/1.0/embed2dfa.json]
[wirid-lab.umng.edu.co/es/wp-json/oembed/1.0/embedda01]
[wirid-lab.umng.edu.co/es/2016/01/11/index.html]
[upload.wikimedia.org/wikipedia/commons/0/0c/Tokyoship_Mail_icon.png]
[wirid-lab.umng.edu.co/es/2016/01/11/luis-eduardo-quibano-alarcon/index.html]
[wirid-lab.umng.edu.co/es/index1913.html]
[wirid-lab.umng.edu.co/es/2015/01/26/index.html]
[wirid-lab.umng.edu.co/2015/01/26/digital-analogue-radar/images/1400855/Sin_ttulo.html]
[wirid-lab.umng.edu.co/es/2015/01/26/digital-analogue-radar/images/1400855/Radar_sistema.html]
[wirid-lab.umng.edu.co/2015/01/26/digital-analogue-radar/images/1400855/CW.html]
[wirid-lab.umng.edu.co/2015/01/26/digital-analogue-radar/images/1400855/Ecuacion_CW.html]
[wirid-lab.umng.edu.co/2015/01/26/digital-analogue-radar/images/1400855/PulseRadar.html]
[wirid-lab.umng.edu.co/2015/01/26/digital-analogue-radar/images/1400855/PulseRadar_Ecuacion.html]
[wirid-lab.umng.edu.co/2015/01/26/digital-analogue-radar/images/1400855/GeneradorRF.html]
[wirid-lab.umng.edu.co/2015/01/26/digital-analogue-radar/images/1400855/USRP_CW_MONTAJE_FOTO.html]
[wirid-lab.umng.edu.co/2015/01/26/digital-analogue-radar/images/1400855/USRP_CW_RX.html]
[wirid-lab.umng.edu.co/2015/01/26/digital-analogue-radar/images/1400855/USRP_PULSO_MONTAJE_FOTO.html]
[wirid-lab.umng.edu.co/2015/01/26/digital-analogue-radar/images/1400855/USRP_PULSO_ANCHO.html]
[wirid-lab.umng.edu.co/2015/01/26/digital-analogue-radar/images/1400855/USRP_PULSO_PERIODO.html]
[wirid-lab.umng.edu.co/2015/01/26/digital-analogue-radar/images/1400855/USRP_PULSO_BW.html]
[wirid-lab.umng.edu.co/2015/01/26/digital-analogue-radar/images/1400855/USRP_PULSO_BW2.html]
[wirid-lab.umng.edu.co/es/2015/index.html]
[wirid-lab.umng.edu.co/es/2015/01/index.html]
[wirid-lab.umng.edu.co/es/2015/12/29/wirid-lab-universidad-militar-nueva-granada-2-3/index.html]
[wirid-lab.umng.edu.co/es/wp-json/wp/v2/posts/837.json]
[wirid-lab.umng.edu.co/es/wp-json/oembed/1.0/embed7fc0.json]
[wirid-lab.umng.edu.co/es/wp-json/oembed/1.0/embed8362]
[wirid-lab.umng.edu.co/es/2015/12/29/slide-bar/index.html]
[wirid-lab.umng.edu.co/es/2015/12/29/index.html]
[wirid-lab.umng.edu.co/es/2015/12/29/wirid-lab-universidad-militar-nueva-granada-2-2/index.html]
[wirid-lab.umng.edu.co/es/2015/12/29/wirid-lab-universidad-militar-nueva-granada/index.html]
[wirid-lab.umng.edu.co/es/category/header-home/index.html]
[wirid-lab.umng.edu.co/es/index6dad.html]
[wirid-lab.umng.edu.co/es/wp-json/wp/v2/posts/3433.json]
[wirid-lab.umng.edu.co/es/2015/12/29/wirid-lab-universidad-militar-nueva-granada-2/index.html]
[wirid-lab.umng.edu.co/es/wp-json/oembed/1.0/embed5e86.json]
[wirid-lab.umng.edu.co/es/wp-json/oembed/1.0/embedee95]
[wirid-lab.umng.edu.co/2015/01/26/digital-analogue-radar-2/images/1400855/Sin_ttulo.png]
[wirid-lab.umng.edu.co/es/2015/01/26/digital-analogue-radar-2/images/1400855/Radar_sistema.bmp]
[wirid-lab.umng.edu.co/2015/01/26/digital-analogue-radar-2/images/1400855/CW.png]
[wirid-lab.umng.edu.co/2015/01/26/digital-analogue-radar-2/images/1400855/Ecuacion_CW.png]
[wirid-lab.umng.edu.co/2015/01/26/digital-analogue-radar-2/images/1400855/PulseRadar.png]
[wirid-lab.umng.edu.co/2015/01/26/digital-analogue-radar-2/images/1400855/PulseRadar_Ecuacion.png]
[wirid-lab.umng.edu.co/2015/01/26/digital-analogue-radar-2/images/1400855/GeneradorRF.png]
[wirid-lab.umng.edu.co/2015/01/26/digital-analogue-radar-2/images/1400855/USRP_CW_MONTAJE_FOTO.png]
[wirid-lab.umng.edu.co/2015/01/26/digital-analogue-radar-2/images/1400855/USRP_CW_RX.png]
[wirid-lab.umng.edu.co/2015/01/26/digital-analogue-radar-2/images/1400855/USRP_PULSO_MONTAJE_FOTO.jpg]
[wirid-lab.umng.edu.co/2015/01/26/digital-analogue-radar-2/images/1400855/USRP_PULSO_ANCHO.png]
[wirid-lab.umng.edu.co/2015/01/26/digital-analogue-radar-2/images/1400855/USRP_PULSO_PERIODO.png]
[wirid-lab.umng.edu.co/2015/01/26/digital-analogue-radar-2/images/1400855/USRP_PULSO_BW.png]
[wirid-lab.umng.edu.co/2015/01/26/digital-analogue-radar-2/images/1400855/USRP_PULSO_BW2.png]
[wirid-lab.umng.edu.co/es/2015/01/26/digital-analogue-radar-2/index.html]
[wirid-lab.umng.edu.co/es/wp-json/wp/v2/posts/1749.json]
[wirid-lab.umng.edu.co/es/wp-json/oembed/1.0/embedf3e6.json]
[wirid-lab.umng.edu.co/es/wp-json/oembed/1.0/embedebb7]
[wirid-lab.umng.edu.co/es/2016/01/11/jose-de-jesus-rugeles-uribe/index.html]
[wirid-lab.umng.edu.co/es/indexf7c2.html]
[wirid-lab.umng.edu.co/es/index20fc.html]
[wirid-lab.umng.edu.co/es/2016/09/14/index.html]
[wirid-lab.umng.edu.co/es/wp-json/wp/v2/posts/1747.json]
[wirid-lab.umng.edu.co/es/2016/09/index.html]
[wirid-lab.umng.edu.co/es/wp-json/oembed/1.0/embedd2db.json]
[wirid-lab.umng.edu.co/es/wp-json/oembed/1.0/embed38fa]
[wirid-lab.umng.edu.co/es/2016/01/11/juan-carlos-martinez-quintero/index.html]
[wirid-lab.umng.edu.co/es/2021/08/index.html]
[wirid-lab.umng.edu.co/es/indexace5.html]
[wirid-lab.umng.edu.co/es/2021/03/index.html]
[wirid-lab.umng.edu.co/es/index4597.html]
[wirid-lab.umng.edu.co/es/index4682.html]
[wirid-lab.umng.edu.co/es/indexd549.html]
[wirid-lab.umng.edu.co/es/2021/09/27/page/2/index.html]
[wirid-lab.umng.edu.co/es/indexae1c.html]
[wirid-lab.umng.edu.co/es/index864f.html]
[wirid-lab.umng.edu.co/es/index288d.html]
[wirid-lab.umng.edu.co/es/2016/index.html]
[wirid-lab.umng.edu.co/es/2016/02/index.html]
[wirid-lab.umng.edu.co/es/indexf628.html]
[wirid-lab.umng.edu.co/es/indexf351.html]
[wirid-lab.umng.edu.co/es/2016/03/03/index.html]
[wirid-lab.umng.edu.co/es/2021/06/index.html]
[wirid-lab.umng.edu.co/es/2021/page/2/index.html]
[wirid-lab.umng.edu.co/es/2021/page/5/index.html]
[wirid-lab.umng.edu.co/es/2021/09/page/2/index.html]
[wirid-lab.umng.edu.co/es/2021/09/page/3/index.html]
[wirid-lab.umng.edu.co/es/index7c58.html]
[wirid-lab.umng.edu.co/es/2016/05/20/index.html]
[wirid-lab.umng.edu.co/es/2016/01/index.html]
[wirid-lab.umng.edu.co/es/2016/page/2/index.html]
[wirid-lab.umng.edu.co/es/index4e02.html]
[wirid-lab.umng.edu.co/es/2016/01/11/index.html]
[wirid-lab.umng.edu.co/es/2016/03/index.html]
[wirid-lab.umng.edu.co/es/2016/05/index.html]
[wirid-lab.umng.edu.co/es/wp-json/wp/v2/posts/3439.json]
[wirid-lab.umng.edu.co/es/wp-json/oembed/1.0/embedbd92.json]
[wirid-lab.umng.edu.co/es/wp-json/oembed/1.0/embed736c]
[wirid-lab.umng.edu.co/es/2015/12/29/wirid-lab-universidad-militar-nueva-granada-2-3/index.html]
[wirid-lab.umng.edu.co/es/2015/index.html]
[wirid-lab.umng.edu.co/es/2015/01/index.html]
[wirid-lab.umng.edu.co/es/index0c04.html]
[wirid-lab.umng.edu.co/es/category/header-home/index.html]
[wirid-lab.umng.edu.co/es/2015/12/29/index.html]
[wirid-lab.umng.edu.co/es/wp-json/wp/v2/categories/5.json]
[wirid-lab.umng.edu.co/es/category/header-home/feed/index.html]
[wirid-lab.umng.edu.co/es/wp-json/wp/v2/posts/847.json]
[wirid-lab.umng.edu.co/es/2015/12/index.html]
[wirid-lab.umng.edu.co/es/wp-json/oembed/1.0/embed0a41.json]
[wirid-lab.umng.edu.co/es/wp-json/oembed/1.0/embedbfec]
[wirid-lab.umng.edu.co/es/2015/12/29/wirid-lab-universidad-militar-nueva-granada-2-2/index.html]
[wirid-lab.umng.edu.co/es/wp-json/wp/v2/posts/841.json]
[wirid-lab.umng.edu.co/es/wp-json/oembed/1.0/embed0d11.json]
[wirid-lab.umng.edu.co/es/wp-json/oembed/1.0/embedb2da]
[wirid-lab.umng.edu.co/es/2015/12/29/wirid-lab-universidad-militar-nueva-granada/index.html]
[wirid-lab.umng.edu.co/es/wp-json/wp/v2/posts/3438.json]
[wirid-lab.umng.edu.co/es/wp-json/oembed/1.0/embed8cd0.json]
[wirid-lab.umng.edu.co/es/wp-json/oembed/1.0/embed0e33]
[wirid-lab.umng.edu.co/es/2015/12/29/wirid-lab-universidad-militar-nueva-granada-2/index.html]
[wirid-lab.umng.edu.co/es/index3e24.html]
[wirid-lab.umng.edu.co/2015/01/26/digital-analogue-radar-2/images/1400855/Sin_ttulo.html]
[wirid-lab.umng.edu.co/es/2015/01/26/digital-analogue-radar-2/images/1400855/Radar_sistema.html]
[wirid-lab.umng.edu.co/2015/01/26/digital-analogue-radar-2/images/1400855/CW.html]
[wirid-lab.umng.edu.co/2015/01/26/digital-analogue-radar-2/images/1400855/Ecuacion_CW.html]
[wirid-lab.umng.edu.co/2015/01/26/digital-analogue-radar-2/images/1400855/PulseRadar.html]
[wirid-lab.umng.edu.co/2015/01/26/digital-analogue-radar-2/images/1400855/PulseRadar_Ecuacion.html]
[wirid-lab.umng.edu.co/2015/01/26/digital-analogue-radar-2/images/1400855/GeneradorRF.html]
[wirid-lab.umng.edu.co/2015/01/26/digital-analogue-radar-2/images/1400855/USRP_CW_MONTAJE_FOTO.html]
[wirid-lab.umng.edu.co/2015/01/26/digital-analogue-radar-2/images/1400855/USRP_CW_RX.html]
[wirid-lab.umng.edu.co/2015/01/26/digital-analogue-radar-2/images/1400855/USRP_PULSO_MONTAJE_FOTO.html]
[wirid-lab.umng.edu.co/2015/01/26/digital-analogue-radar-2/images/1400855/USRP_PULSO_ANCHO.html]
[wirid-lab.umng.edu.co/2015/01/26/digital-analogue-radar-2/images/1400855/USRP_PULSO_PERIODO.html]
[wirid-lab.umng.edu.co/2015/01/26/digital-analogue-radar-2/images/1400855/USRP_PULSO_BW.html]
[wirid-lab.umng.edu.co/2015/01/26/digital-analogue-radar-2/images/1400855/USRP_PULSO_BW2.html]
[wirid-lab.umng.edu.co/es/index7a07.html]
[wirid-lab.umng.edu.co/es/2016/09/index.html]
[wirid-lab.umng.edu.co/es/index664d.html]
[wirid-lab.umng.edu.co/es/2016/page/2/index.html]
[wirid-lab.umng.edu.co/es/2016/03/index.html]
[wirid-lab.umng.edu.co/es/2016/05/index.html]
[wirid-lab.umng.edu.co/es/index6476.html]
[wirid-lab.umng.edu.co/es/2015/12/index.html]
[wirid-lab.umng.edu.co/es/indexdabb.html]
[wirid-lab.umng.edu.co/es/indexc308.html]
[wirid-lab.umng.edu.co/es/indexfb3f.html]
